Tue, 28 Nov 2023 19:12:49 GMT express-session deprecated undefined resave option; provide resave option at app.js:18:9
Tue, 28 Nov 2023 19:12:49 GMT express-session deprecated undefined saveUninitialized option; provide saveUninitialized option at app.js:18:9
(node:952) [DEP0064] DeprecationWarning: tls.createSecurePair() is deprecated. Please use tls.TLSSocket instead.
TypeError: Cannot read property '0' of undefined
    at C:\Web\base\config\reports.js:43:62
    at C:\Web\base\node_modules\sync\lib\sync.js:178:22
TypeError: Cannot read property '0' of undefined
    at C:\Web\base\config\reports.js:43:62
    at C:\Web\base\node_modules\sync\lib\sync.js:178:22
TypeError: Cannot read property '0' of undefined
    at C:\Web\base\config\reports.js:43:62
    at C:\Web\base\node_modules\sync\lib\sync.js:178:22
events.js:292
      throw er; // Unhandled 'error' event
      ^

Error: ENOENT: no such file or directory, open 'C:\web\accessRegister\public\qrcodes\C10-P1-001-1P22.png'
Emitted 'error' event on WriteStream instance at:
    at errorOrDestroy (internal/streams/destroy.js:108:12)
    at WriteStream.onerror (_stream_readable.js:752:7)
    at WriteStream.emit (events.js:315:20)
    at internal/fs/streams.js:361:12
    at FSReqCallback.oncomplete (fs.js:156:23) {
  errno: -4058,
  code: 'ENOENT',
  syscall: 'open',
  path: 'C:\\web\\accessRegister\\public\\qrcodes\\C10-P1-001-1P22.png'
}
Tue, 28 Nov 2023 20:36:56 GMT express-session deprecated undefined resave option; provide resave option at app.js:18:9
Tue, 28 Nov 2023 20:36:56 GMT express-session deprecated undefined saveUninitialized option; provide saveUninitialized option at app.js:18:9
(node:4204) [DEP0064] DeprecationWarning: tls.createSecurePair() is deprecated. Please use tls.TLSSocket instead.
TypeError: Cannot read property '0' of undefined
    at C:\Web\base\config\reports.js:43:62
    at C:\Web\base\node_modules\sync\lib\sync.js:178:22
events.js:292
      throw er; // Unhandled 'error' event
      ^

Error: ENOENT: no such file or directory, open 'C:\web\accessRegister\public\qrcodes\S10-P1-001-1P.png'
Emitted 'error' event on WriteStream instance at:
    at errorOrDestroy (internal/streams/destroy.js:108:12)
    at WriteStream.onerror (_stream_readable.js:752:7)
    at WriteStream.emit (events.js:315:20)
    at internal/fs/streams.js:361:12
    at FSReqCallback.oncomplete (fs.js:156:23) {
  errno: -4058,
  code: 'ENOENT',
  syscall: 'open',
  path: 'C:\\web\\accessRegister\\public\\qrcodes\\S10-P1-001-1P.png'
}
Tue, 28 Nov 2023 20:41:09 GMT express-session deprecated undefined resave option; provide resave option at app.js:18:9
Tue, 28 Nov 2023 20:41:09 GMT express-session deprecated undefined saveUninitialized option; provide saveUninitialized option at app.js:18:9
(node:11928) [DEP0064] DeprecationWarning: tls.createSecurePair() is deprecated. Please use tls.TLSSocket instead.
TypeError: Cannot read property '0' of undefined
    at C:\Web\base\config\reports.js:43:62
    at C:\Web\base\node_modules\sync\lib\sync.js:178:22
Thu, 30 Nov 2023 22:14:17 GMT express-session deprecated undefined resave option; provide resave option at app.js:18:9
Thu, 30 Nov 2023 22:14:17 GMT express-session deprecated undefined saveUninitialized option; provide saveUninitialized option at app.js:18:9
events.js:292
      throw er; // Unhandled 'error' event
      ^

Error: listen EADDRINUSE: address already in use :::91
    at Server.setupListenHandle [as _listen2] (net.js:1313:16)
    at listenInCluster (net.js:1361:12)
    at Server.listen (net.js:1447:7)
    at Object.<anonymous> (C:\Web\base\app.js:56:8)
    at Module._compile (internal/modules/cjs/loader.js:1137:30)
    at Object.Module._extensions..js (internal/modules/cjs/loader.js:1157:10)
    at Module.load (internal/modules/cjs/loader.js:985:32)
    at Function.Module._load (internal/modules/cjs/loader.js:878:14)
    at Function.executeUserEntryPoint [as runMain] (internal/modules/run_main.js:71:12)
    at internal/main/run_main_module.js:17:47
Emitted 'error' event on Server instance at:
    at emitErrorNT (net.js:1340:8)
    at processTicksAndRejections (internal/process/task_queues.js:84:21) {
  code: 'EADDRINUSE',
  errno: 'EADDRINUSE',
  syscall: 'listen',
  address: '::',
  port: 91
}
Thu, 30 Nov 2023 22:14:20 GMT express-session deprecated undefined resave option; provide resave option at app.js:18:9
Thu, 30 Nov 2023 22:14:20 GMT express-session deprecated undefined saveUninitialized option; provide saveUninitialized option at app.js:18:9
events.js:292
      throw er; // Unhandled 'error' event
      ^

Error: listen EADDRINUSE: address already in use :::91
    at Server.setupListenHandle [as _listen2] (net.js:1313:16)
    at listenInCluster (net.js:1361:12)
    at Server.listen (net.js:1447:7)
    at Object.<anonymous> (C:\Web\base\app.js:56:8)
    at Module._compile (internal/modules/cjs/loader.js:1137:30)
    at Object.Module._extensions..js (internal/modules/cjs/loader.js:1157:10)
    at Module.load (internal/modules/cjs/loader.js:985:32)
    at Function.Module._load (internal/modules/cjs/loader.js:878:14)
    at Function.executeUserEntryPoint [as runMain] (internal/modules/run_main.js:71:12)
    at internal/main/run_main_module.js:17:47
Emitted 'error' event on Server instance at:
    at emitErrorNT (net.js:1340:8)
    at processTicksAndRejections (internal/process/task_queues.js:84:21) {
  code: 'EADDRINUSE',
  errno: 'EADDRINUSE',
  syscall: 'listen',
  address: '::',
  port: 91
}
Thu, 30 Nov 2023 22:14:22 GMT express-session deprecated undefined resave option; provide resave option at app.js:18:9
Thu, 30 Nov 2023 22:14:22 GMT express-session deprecated undefined saveUninitialized option; provide saveUninitialized option at app.js:18:9
(node:12276) [DEP0064] DeprecationWarning: tls.createSecurePair() is deprecated. Please use tls.TLSSocket instead.
TypeError: Cannot read property '0' of undefined
    at C:\Web\base\config\reports.js:43:62
    at C:\Web\base\node_modules\sync\lib\sync.js:178:22
TypeError: Cannot read property '0' of undefined
    at C:\Web\base\config\reports.js:43:62
    at C:\Web\base\node_modules\sync\lib\sync.js:178:22
TypeError: Cannot read property '0' of undefined
    at C:\Web\base\config\reports.js:43:62
    at C:\Web\base\node_modules\sync\lib\sync.js:178:22
TypeError: Cannot read property '0' of undefined
    at C:\Web\base\config\reports.js:43:62
    at C:\Web\base\node_modules\sync\lib\sync.js:178:22
TypeError: Cannot read property '0' of undefined
    at C:\Web\base\config\reports.js:43:62
    at C:\Web\base\node_modules\sync\lib\sync.js:178:22
TypeError: Cannot read property '0' of undefined
    at C:\Web\base\config\reports.js:43:62
    at C:\Web\base\node_modules\sync\lib\sync.js:178:22
TypeError: Cannot read property '0' of undefined
    at C:\Web\base\config\reports.js:43:62
    at C:\Web\base\node_modules\sync\lib\sync.js:178:22
TypeError: Cannot read property '0' of undefined
    at C:\Web\base\config\reports.js:43:62
    at C:\Web\base\node_modules\sync\lib\sync.js:178:22
TypeError: Cannot read property '0' of undefined
    at C:\Web\base\config\reports.js:43:62
    at C:\Web\base\node_modules\sync\lib\sync.js:178:22
TypeError: Cannot read property '0' of undefined
    at C:\Web\base\config\reports.js:43:62
    at C:\Web\base\node_modules\sync\lib\sync.js:178:22
TypeError: Cannot read property '0' of undefined
    at C:\Web\base\config\reports.js:43:62
    at C:\Web\base\node_modules\sync\lib\sync.js:178:22
TypeError: Cannot read property '0' of undefined
    at C:\Web\base\config\reports.js:43:62
    at C:\Web\base\node_modules\sync\lib\sync.js:178:22
TypeError: Cannot read property '0' of undefined
    at C:\Web\base\config\reports.js:43:62
    at C:\Web\base\node_modules\sync\lib\sync.js:178:22
TypeError: Cannot read property '0' of undefined
    at C:\Web\base\config\reports.js:43:62
    at C:\Web\base\node_modules\sync\lib\sync.js:178:22
TypeError: Cannot read property '0' of undefined
    at C:\Web\base\config\reports.js:43:62
    at C:\Web\base\node_modules\sync\lib\sync.js:178:22
TypeError: Cannot read property '0' of undefined
    at C:\Web\base\config\reports.js:43:62
    at C:\Web\base\node_modules\sync\lib\sync.js:178:22
TypeError: Cannot read property '0' of undefined
    at C:\Web\base\config\reports.js:43:62
    at C:\Web\base\node_modules\sync\lib\sync.js:178:22
TypeError: Cannot read property '0' of undefined
    at C:\Web\base\config\reports.js:43:62
    at C:\Web\base\node_modules\sync\lib\sync.js:178:22
TypeError: Cannot read property '0' of undefined
    at C:\Web\base\config\reports.js:43:62
    at C:\Web\base\node_modules\sync\lib\sync.js:178:22
TypeError: Cannot read property '0' of undefined
    at C:\Web\base\config\reports.js:43:62
    at C:\Web\base\node_modules\sync\lib\sync.js:178:22
TypeError: Cannot read property '0' of undefined
    at C:\Web\base\config\reports.js:43:62
    at C:\Web\base\node_modules\sync\lib\sync.js:178:22
TypeError: Cannot read property '0' of undefined
    at C:\Web\base\config\reports.js:43:62
    at C:\Web\base\node_modules\sync\lib\sync.js:178:22
TypeError: Cannot read property '0' of undefined
    at C:\Web\base\config\reports.js:43:62
    at C:\Web\base\node_modules\sync\lib\sync.js:178:22
TypeError: Cannot read property '0' of undefined
    at C:\Web\base\config\reports.js:43:62
    at C:\Web\base\node_modules\sync\lib\sync.js:178:22
TypeError: Cannot read property '0' of undefined
    at C:\Web\base\config\reports.js:43:62
    at C:\Web\base\node_modules\sync\lib\sync.js:178:22
TypeError: Cannot read property '0' of undefined
    at C:\Web\base\config\reports.js:43:62
    at C:\Web\base\node_modules\sync\lib\sync.js:178:22
TypeError: Cannot read property '0' of undefined
    at C:\Web\base\config\reports.js:43:62
    at C:\Web\base\node_modules\sync\lib\sync.js:178:22
TypeError: Cannot read property '0' of undefined
    at C:\Web\base\config\reports.js:43:62
    at C:\Web\base\node_modules\sync\lib\sync.js:178:22
TypeError: Cannot read property '0' of undefined
    at C:\Web\base\config\reports.js:43:62
    at C:\Web\base\node_modules\sync\lib\sync.js:178:22
TypeError: Cannot read property '0' of undefined
    at C:\Web\base\config\reports.js:43:62
    at C:\Web\base\node_modules\sync\lib\sync.js:178:22
TypeError: Cannot read property '0' of undefined
    at C:\Web\base\config\reports.js:43:62
    at C:\Web\base\node_modules\sync\lib\sync.js:178:22
TypeError: Cannot read property '0' of undefined
    at C:\Web\base\config\reports.js:43:62
    at C:\Web\base\node_modules\sync\lib\sync.js:178:22
TypeError: Cannot read property '0' of undefined
    at C:\Web\base\config\reports.js:43:62
    at C:\Web\base\node_modules\sync\lib\sync.js:178:22
TypeError: Cannot read property '0' of undefined
    at C:\Web\base\config\reports.js:43:62
    at C:\Web\base\node_modules\sync\lib\sync.js:178:22
TypeError: Cannot read property '0' of undefined
    at C:\Web\base\config\reports.js:43:62
    at C:\Web\base\node_modules\sync\lib\sync.js:178:22
TypeError: Cannot read property '0' of undefined
    at C:\Web\base\config\reports.js:43:62
    at C:\Web\base\node_modules\sync\lib\sync.js:178:22
TypeError: Cannot read property '0' of undefined
    at C:\Web\base\config\reports.js:43:62
    at C:\Web\base\node_modules\sync\lib\sync.js:178:22
TypeError: Cannot read property '0' of undefined
    at C:\Web\base\config\reports.js:43:62
    at C:\Web\base\node_modules\sync\lib\sync.js:178:22
TypeError: Cannot read property '0' of undefined
    at C:\Web\base\config\reports.js:43:62
    at C:\Web\base\node_modules\sync\lib\sync.js:178:22
TypeError: Cannot read property '0' of undefined
    at C:\Web\base\config\reports.js:43:62
    at C:\Web\base\node_modules\sync\lib\sync.js:178:22
TypeError: Cannot read property '0' of undefined
    at C:\Web\base\config\reports.js:43:62
    at C:\Web\base\node_modules\sync\lib\sync.js:178:22
TypeError: Cannot read property '0' of undefined
    at C:\Web\base\config\reports.js:43:62
    at C:\Web\base\node_modules\sync\lib\sync.js:178:22
TypeError: Cannot read property '0' of undefined
    at C:\Web\base\config\reports.js:43:62
    at C:\Web\base\node_modules\sync\lib\sync.js:178:22
TypeError: Cannot read property '0' of undefined
    at C:\Web\base\config\reports.js:43:62
    at C:\Web\base\node_modules\sync\lib\sync.js:178:22
TypeError: Cannot read property '0' of undefined
    at C:\Web\base\config\reports.js:43:62
    at C:\Web\base\node_modules\sync\lib\sync.js:178:22
TypeError: Cannot read property '0' of undefined
    at C:\Web\base\config\reports.js:43:62
    at C:\Web\base\node_modules\sync\lib\sync.js:178:22
TypeError: Cannot read property '0' of undefined
    at C:\Web\base\config\reports.js:43:62
    at C:\Web\base\node_modules\sync\lib\sync.js:178:22
TypeError: Cannot read property '0' of undefined
    at C:\Web\base\config\reports.js:43:62
    at C:\Web\base\node_modules\sync\lib\sync.js:178:22
TypeError: Cannot read property '0' of undefined
    at C:\Web\base\config\reports.js:43:62
    at C:\Web\base\node_modules\sync\lib\sync.js:178:22
TypeError: Cannot read property '0' of undefined
    at C:\Web\base\config\reports.js:43:62
    at C:\Web\base\node_modules\sync\lib\sync.js:178:22
TypeError: Cannot read property '0' of undefined
    at C:\Web\base\config\reports.js:43:62
    at C:\Web\base\node_modules\sync\lib\sync.js:178:22
TypeError: Cannot read property '0' of undefined
    at C:\Web\base\config\reports.js:43:62
    at C:\Web\base\node_modules\sync\lib\sync.js:178:22
TypeError: Cannot read property '0' of undefined
    at C:\Web\base\config\reports.js:43:62
    at C:\Web\base\node_modules\sync\lib\sync.js:178:22
TypeError: Cannot read property '0' of undefined
    at C:\Web\base\config\reports.js:43:62
    at C:\Web\base\node_modules\sync\lib\sync.js:178:22
TypeError: Cannot read property '0' of undefined
    at C:\Web\base\config\reports.js:43:62
    at C:\Web\base\node_modules\sync\lib\sync.js:178:22
TypeError: Cannot read property '0' of undefined
    at C:\Web\base\config\reports.js:43:62
    at C:\Web\base\node_modules\sync\lib\sync.js:178:22
TypeError: Cannot read property '0' of undefined
    at C:\Web\base\config\reports.js:43:62
    at C:\Web\base\node_modules\sync\lib\sync.js:178:22
TypeError: Cannot read property '0' of undefined
    at C:\Web\base\config\reports.js:43:62
    at C:\Web\base\node_modules\sync\lib\sync.js:178:22
TypeError: Cannot read property '0' of undefined
    at C:\Web\base\config\reports.js:43:62
    at C:\Web\base\node_modules\sync\lib\sync.js:178:22
TypeError: Cannot read property '0' of undefined
    at C:\Web\base\config\reports.js:43:62
    at C:\Web\base\node_modules\sync\lib\sync.js:178:22
TypeError: Cannot read property '0' of undefined
    at C:\Web\base\config\reports.js:43:62
    at C:\Web\base\node_modules\sync\lib\sync.js:178:22
TypeError: Cannot read property '0' of undefined
    at C:\Web\base\config\reports.js:43:62
    at C:\Web\base\node_modules\sync\lib\sync.js:178:22
TypeError: Cannot read property '0' of undefined
    at C:\Web\base\config\reports.js:43:62
    at C:\Web\base\node_modules\sync\lib\sync.js:178:22
TypeError: Cannot read property '0' of undefined
    at C:\Web\base\config\reports.js:43:62
    at C:\Web\base\node_modules\sync\lib\sync.js:178:22
TypeError: Cannot read property '0' of undefined
    at C:\Web\base\config\reports.js:43:62
    at C:\Web\base\node_modules\sync\lib\sync.js:178:22
Wed, 06 Dec 2023 21:14:43 GMT express-session deprecated undefined resave option; provide resave option at app.js:18:9
Wed, 06 Dec 2023 21:14:43 GMT express-session deprecated undefined saveUninitialized option; provide saveUninitialized option at app.js:18:9
(node:15556) [DEP0064] DeprecationWarning: tls.createSecurePair() is deprecated. Please use tls.TLSSocket instead.
TypeError: Cannot read property '0' of undefined
    at C:\Web\base\config\reports.js:43:62
    at C:\Web\base\node_modules\sync\lib\sync.js:178:22
TypeError: Cannot read property '0' of undefined
    at C:\Web\base\config\reports.js:43:62
    at C:\Web\base\node_modules\sync\lib\sync.js:178:22
TypeError: Cannot read property '0' of undefined
    at C:\Web\base\config\reports.js:43:62
    at C:\Web\base\node_modules\sync\lib\sync.js:178:22
TypeError: Cannot read property '0' of undefined
    at C:\Web\base\config\reports.js:43:62
    at C:\Web\base\node_modules\sync\lib\sync.js:178:22
TypeError: Cannot read property '0' of undefined
    at C:\Web\base\config\reports.js:43:62
    at C:\Web\base\node_modules\sync\lib\sync.js:178:22
TypeError: Cannot read property '0' of undefined
    at C:\Web\base\config\reports.js:43:62
    at C:\Web\base\node_modules\sync\lib\sync.js:178:22
TypeError: Cannot read property '0' of undefined
    at C:\Web\base\config\reports.js:43:62
    at C:\Web\base\node_modules\sync\lib\sync.js:178:22
TypeError: Cannot read property '0' of undefined
    at C:\Web\base\config\reports.js:43:62
    at C:\Web\base\node_modules\sync\lib\sync.js:178:22
TypeError: Cannot read property '0' of undefined
    at C:\Web\base\config\reports.js:43:62
    at C:\Web\base\node_modules\sync\lib\sync.js:178:22
Thu, 07 Dec 2023 16:30:09 GMT express-session deprecated undefined resave option; provide resave option at app.js:18:9
Thu, 07 Dec 2023 16:30:09 GMT express-session deprecated undefined saveUninitialized option; provide saveUninitialized option at app.js:18:9
(node:20040) [DEP0064] DeprecationWarning: tls.createSecurePair() is deprecated. Please use tls.TLSSocket instead.
TypeError: Cannot read property '0' of undefined
    at C:\Web\base\config\reports.js:43:62
    at C:\Web\base\node_modules\sync\lib\sync.js:178:22
TypeError: Cannot read property '0' of undefined
    at C:\Web\base\config\reports.js:43:62
    at C:\Web\base\node_modules\sync\lib\sync.js:178:22
TypeError: Cannot read property '0' of undefined
    at C:\Web\base\config\reports.js:43:62
    at C:\Web\base\node_modules\sync\lib\sync.js:178:22
TypeError: Cannot read property '0' of undefined
    at C:\Web\base\config\reports.js:43:62
    at C:\Web\base\node_modules\sync\lib\sync.js:178:22
TypeError: Cannot read property '0' of undefined
    at C:\Web\base\config\reports.js:43:62
    at C:\Web\base\node_modules\sync\lib\sync.js:178:22
TypeError: Cannot read property '0' of undefined
    at C:\Web\base\config\reports.js:43:62
    at C:\Web\base\node_modules\sync\lib\sync.js:178:22
TypeError: Cannot read property '0' of undefined
    at C:\Web\base\config\reports.js:43:62
    at C:\Web\base\node_modules\sync\lib\sync.js:178:22
TypeError: Cannot read property '0' of undefined
    at C:\Web\base\config\reports.js:43:62
    at C:\Web\base\node_modules\sync\lib\sync.js:178:22
TypeError: Cannot read property '0' of undefined
    at C:\Web\base\config\reports.js:43:62
    at C:\Web\base\node_modules\sync\lib\sync.js:178:22
TypeError: Cannot read property '0' of undefined
    at C:\Web\base\config\reports.js:43:62
    at C:\Web\base\node_modules\sync\lib\sync.js:178:22
TypeError: Cannot read property '0' of undefined
    at C:\Web\base\config\reports.js:43:62
    at C:\Web\base\node_modules\sync\lib\sync.js:178:22
TypeError: Cannot read property '0' of undefined
    at C:\Web\base\config\reports.js:43:62
    at C:\Web\base\node_modules\sync\lib\sync.js:178:22
Thu, 07 Dec 2023 21:31:59 GMT express-session deprecated undefined resave option; provide resave option at app.js:18:9
Thu, 07 Dec 2023 21:31:59 GMT express-session deprecated undefined saveUninitialized option; provide saveUninitialized option at app.js:18:9
(node:12676) [DEP0064] DeprecationWarning: tls.createSecurePair() is deprecated. Please use tls.TLSSocket instead.
TypeError: Cannot read property '0' of undefined
    at C:\Web\base\config\reports.js:43:62
    at C:\Web\base\node_modules\sync\lib\sync.js:178:22
TypeError: Cannot read property '0' of undefined
    at C:\Web\base\config\reports.js:43:62
    at C:\Web\base\node_modules\sync\lib\sync.js:178:22
TypeError: Cannot read property '0' of undefined
    at C:\Web\base\config\reports.js:43:62
    at C:\Web\base\node_modules\sync\lib\sync.js:178:22
TypeError: Cannot read property '0' of undefined
    at C:\Web\base\config\reports.js:43:62
    at C:\Web\base\node_modules\sync\lib\sync.js:178:22
TypeError: Cannot read property '0' of undefined
    at C:\Web\base\config\reports.js:43:62
    at C:\Web\base\node_modules\sync\lib\sync.js:178:22
TypeError: Cannot read property '0' of undefined
    at C:\Web\base\config\reports.js:43:62
    at C:\Web\base\node_modules\sync\lib\sync.js:178:22
TypeError: Cannot read property '0' of undefined
    at C:\Web\base\config\reports.js:43:62
    at C:\Web\base\node_modules\sync\lib\sync.js:178:22
TypeError: Cannot read property '0' of undefined
    at C:\Web\base\config\reports.js:43:62
    at C:\Web\base\node_modules\sync\lib\sync.js:178:22
TypeError: Cannot read property '0' of undefined
    at C:\Web\base\config\reports.js:43:62
    at C:\Web\base\node_modules\sync\lib\sync.js:178:22
TypeError: Cannot read property '0' of undefined
    at C:\Web\base\config\reports.js:43:62
    at C:\Web\base\node_modules\sync\lib\sync.js:178:22
TypeError: Cannot read property '0' of undefined
    at C:\Web\base\config\reports.js:43:62
    at C:\Web\base\node_modules\sync\lib\sync.js:178:22
TypeError: Cannot read property '0' of undefined
    at C:\Web\base\config\reports.js:43:62
    at C:\Web\base\node_modules\sync\lib\sync.js:178:22
TypeError: Cannot read property '0' of undefined
    at C:\Web\base\config\reports.js:43:62
    at C:\Web\base\node_modules\sync\lib\sync.js:178:22
TypeError: Cannot read property '0' of undefined
    at C:\Web\base\config\reports.js:43:62
    at C:\Web\base\node_modules\sync\lib\sync.js:178:22
TypeError: Cannot read property '0' of undefined
    at C:\Web\base\config\reports.js:43:62
    at C:\Web\base\node_modules\sync\lib\sync.js:178:22
Wed, 13 Dec 2023 19:06:19 GMT express-session deprecated undefined resave option; provide resave option at app.js:18:9
Wed, 13 Dec 2023 19:06:19 GMT express-session deprecated undefined saveUninitialized option; provide saveUninitialized option at app.js:18:9
(node:11568) [DEP0064] DeprecationWarning: tls.createSecurePair() is deprecated. Please use tls.TLSSocket instead.
TypeError: Cannot read property '0' of undefined
    at C:\Web\base\config\reports.js:43:62
    at C:\Web\base\node_modules\sync\lib\sync.js:178:22
TypeError: Cannot read property '0' of undefined
    at C:\Web\base\config\reports.js:43:62
    at C:\Web\base\node_modules\sync\lib\sync.js:178:22
Wed, 13 Dec 2023 19:30:04 GMT express-session deprecated undefined resave option; provide resave option at app.js:18:9
Wed, 13 Dec 2023 19:30:04 GMT express-session deprecated undefined saveUninitialized option; provide saveUninitialized option at app.js:18:9
(node:10096) [DEP0064] DeprecationWarning: tls.createSecurePair() is deprecated. Please use tls.TLSSocket instead.
TypeError: Cannot read property '0' of undefined
    at C:\Web\base\config\reports.js:43:62
    at C:\Web\base\node_modules\sync\lib\sync.js:178:22
TypeError: Cannot read property '0' of undefined
    at C:\Web\base\config\reports.js:43:62
    at C:\Web\base\node_modules\sync\lib\sync.js:178:22
Wed, 13 Dec 2023 19:37:25 GMT express-session deprecated undefined resave option; provide resave option at app.js:18:9
Wed, 13 Dec 2023 19:37:25 GMT express-session deprecated undefined saveUninitialized option; provide saveUninitialized option at app.js:18:9
(node:17080) [DEP0064] DeprecationWarning: tls.createSecurePair() is deprecated. Please use tls.TLSSocket instead.
TypeError: Cannot read property '0' of undefined
    at C:\Web\base\config\reports.js:43:62
    at C:\Web\base\node_modules\sync\lib\sync.js:178:22
Wed, 13 Dec 2023 19:42:31 GMT express-session deprecated undefined resave option; provide resave option at app.js:18:9
Wed, 13 Dec 2023 19:42:31 GMT express-session deprecated undefined saveUninitialized option; provide saveUninitialized option at app.js:18:9
(node:12448) [DEP0064] DeprecationWarning: tls.createSecurePair() is deprecated. Please use tls.TLSSocket instead.
TypeError: Cannot read property '0' of undefined
    at C:\Web\base\config\reports.js:43:62
    at C:\Web\base\node_modules\sync\lib\sync.js:178:22
TypeError: Cannot read property '0' of undefined
    at C:\Web\base\config\reports.js:43:62
    at C:\Web\base\node_modules\sync\lib\sync.js:178:22
TypeError: Cannot read property '0' of undefined
    at C:\Web\base\config\reports.js:43:62
    at C:\Web\base\node_modules\sync\lib\sync.js:178:22
TypeError: Cannot read property '0' of undefined
    at C:\Web\base\config\reports.js:43:62
    at C:\Web\base\node_modules\sync\lib\sync.js:178:22
Wed, 13 Dec 2023 20:17:33 GMT express-session deprecated undefined resave option; provide resave option at app.js:18:9
Wed, 13 Dec 2023 20:17:33 GMT express-session deprecated undefined saveUninitialized option; provide saveUninitialized option at app.js:18:9
(node:14420) [DEP0064] DeprecationWarning: tls.createSecurePair() is deprecated. Please use tls.TLSSocket instead.
TypeError: Cannot read property '0' of undefined
    at C:\Web\base\config\reports.js:43:62
    at C:\Web\base\node_modules\sync\lib\sync.js:178:22
Wed, 20 Dec 2023 15:36:04 GMT express-session deprecated undefined resave option; provide resave option at app.js:18:9
Wed, 20 Dec 2023 15:36:04 GMT express-session deprecated undefined saveUninitialized option; provide saveUninitialized option at app.js:18:9
events.js:292
      throw er; // Unhandled 'error' event
      ^

Error: listen EADDRINUSE: address already in use :::91
    at Server.setupListenHandle [as _listen2] (net.js:1313:16)
    at listenInCluster (net.js:1361:12)
    at Server.listen (net.js:1447:7)
    at Object.<anonymous> (C:\Web\base\app.js:56:8)
    at Module._compile (internal/modules/cjs/loader.js:1137:30)
    at Object.Module._extensions..js (internal/modules/cjs/loader.js:1157:10)
    at Module.load (internal/modules/cjs/loader.js:985:32)
    at Function.Module._load (internal/modules/cjs/loader.js:878:14)
    at Function.executeUserEntryPoint [as runMain] (internal/modules/run_main.js:71:12)
    at internal/main/run_main_module.js:17:47
Emitted 'error' event on Server instance at:
    at emitErrorNT (net.js:1340:8)
    at processTicksAndRejections (internal/process/task_queues.js:84:21) {
  code: 'EADDRINUSE',
  errno: 'EADDRINUSE',
  syscall: 'listen',
  address: '::',
  port: 91
}
Wed, 20 Dec 2023 15:36:06 GMT express-session deprecated undefined resave option; provide resave option at app.js:18:9
Wed, 20 Dec 2023 15:36:06 GMT express-session deprecated undefined saveUninitialized option; provide saveUninitialized option at app.js:18:9
events.js:292
      throw er; // Unhandled 'error' event
      ^

Error: listen EADDRINUSE: address already in use :::91
    at Server.setupListenHandle [as _listen2] (net.js:1313:16)
    at listenInCluster (net.js:1361:12)
    at Server.listen (net.js:1447:7)
    at Object.<anonymous> (C:\Web\base\app.js:56:8)
    at Module._compile (internal/modules/cjs/loader.js:1137:30)
    at Object.Module._extensions..js (internal/modules/cjs/loader.js:1157:10)
    at Module.load (internal/modules/cjs/loader.js:985:32)
    at Function.Module._load (internal/modules/cjs/loader.js:878:14)
    at Function.executeUserEntryPoint [as runMain] (internal/modules/run_main.js:71:12)
    at internal/main/run_main_module.js:17:47
Emitted 'error' event on Server instance at:
    at emitErrorNT (net.js:1340:8)
    at processTicksAndRejections (internal/process/task_queues.js:84:21) {
  code: 'EADDRINUSE',
  errno: 'EADDRINUSE',
  syscall: 'listen',
  address: '::',
  port: 91
}
Wed, 20 Dec 2023 15:36:09 GMT express-session deprecated undefined resave option; provide resave option at app.js:18:9
Wed, 20 Dec 2023 15:36:09 GMT express-session deprecated undefined saveUninitialized option; provide saveUninitialized option at app.js:18:9
events.js:292
      throw er; // Unhandled 'error' event
      ^

Error: listen EADDRINUSE: address already in use :::91
    at Server.setupListenHandle [as _listen2] (net.js:1313:16)
    at listenInCluster (net.js:1361:12)
    at Server.listen (net.js:1447:7)
    at Object.<anonymous> (C:\Web\base\app.js:56:8)
    at Module._compile (internal/modules/cjs/loader.js:1137:30)
    at Object.Module._extensions..js (internal/modules/cjs/loader.js:1157:10)
    at Module.load (internal/modules/cjs/loader.js:985:32)
    at Function.Module._load (internal/modules/cjs/loader.js:878:14)
    at Function.executeUserEntryPoint [as runMain] (internal/modules/run_main.js:71:12)
    at internal/main/run_main_module.js:17:47
Emitted 'error' event on Server instance at:
    at emitErrorNT (net.js:1340:8)
    at processTicksAndRejections (internal/process/task_queues.js:84:21) {
  code: 'EADDRINUSE',
  errno: 'EADDRINUSE',
  syscall: 'listen',
  address: '::',
  port: 91
}
Wed, 20 Dec 2023 15:37:44 GMT express-session deprecated undefined resave option; provide resave option at app.js:18:9
Wed, 20 Dec 2023 15:37:44 GMT express-session deprecated undefined saveUninitialized option; provide saveUninitialized option at app.js:18:9
events.js:292
      throw er; // Unhandled 'error' event
      ^

Error: listen EADDRINUSE: address already in use :::91
    at Server.setupListenHandle [as _listen2] (net.js:1313:16)
    at listenInCluster (net.js:1361:12)
    at Server.listen (net.js:1447:7)
    at Object.<anonymous> (C:\Web\base\app.js:56:8)
    at Module._compile (internal/modules/cjs/loader.js:1137:30)
    at Object.Module._extensions..js (internal/modules/cjs/loader.js:1157:10)
    at Module.load (internal/modules/cjs/loader.js:985:32)
    at Function.Module._load (internal/modules/cjs/loader.js:878:14)
    at Function.executeUserEntryPoint [as runMain] (internal/modules/run_main.js:71:12)
    at internal/main/run_main_module.js:17:47
Emitted 'error' event on Server instance at:
    at emitErrorNT (net.js:1340:8)
    at processTicksAndRejections (internal/process/task_queues.js:84:21) {
  code: 'EADDRINUSE',
  errno: 'EADDRINUSE',
  syscall: 'listen',
  address: '::',
  port: 91
}
Wed, 20 Dec 2023 15:37:47 GMT express-session deprecated undefined resave option; provide resave option at app.js:18:9
Wed, 20 Dec 2023 15:37:47 GMT express-session deprecated undefined saveUninitialized option; provide saveUninitialized option at app.js:18:9
events.js:292
      throw er; // Unhandled 'error' event
      ^

Error: listen EADDRINUSE: address already in use :::91
    at Server.setupListenHandle [as _listen2] (net.js:1313:16)
    at listenInCluster (net.js:1361:12)
    at Server.listen (net.js:1447:7)
    at Object.<anonymous> (C:\Web\base\app.js:56:8)
    at Module._compile (internal/modules/cjs/loader.js:1137:30)
    at Object.Module._extensions..js (internal/modules/cjs/loader.js:1157:10)
    at Module.load (internal/modules/cjs/loader.js:985:32)
    at Function.Module._load (internal/modules/cjs/loader.js:878:14)
    at Function.executeUserEntryPoint [as runMain] (internal/modules/run_main.js:71:12)
    at internal/main/run_main_module.js:17:47
Emitted 'error' event on Server instance at:
    at emitErrorNT (net.js:1340:8)
    at processTicksAndRejections (internal/process/task_queues.js:84:21) {
  code: 'EADDRINUSE',
  errno: 'EADDRINUSE',
  syscall: 'listen',
  address: '::',
  port: 91
}
Wed, 20 Dec 2023 15:37:49 GMT express-session deprecated undefined resave option; provide resave option at app.js:18:9
Wed, 20 Dec 2023 15:37:49 GMT express-session deprecated undefined saveUninitialized option; provide saveUninitialized option at app.js:18:9
events.js:292
      throw er; // Unhandled 'error' event
      ^

Error: listen EADDRINUSE: address already in use :::91
    at Server.setupListenHandle [as _listen2] (net.js:1313:16)
    at listenInCluster (net.js:1361:12)
    at Server.listen (net.js:1447:7)
    at Object.<anonymous> (C:\Web\base\app.js:56:8)
    at Module._compile (internal/modules/cjs/loader.js:1137:30)
    at Object.Module._extensions..js (internal/modules/cjs/loader.js:1157:10)
    at Module.load (internal/modules/cjs/loader.js:985:32)
    at Function.Module._load (internal/modules/cjs/loader.js:878:14)
    at Function.executeUserEntryPoint [as runMain] (internal/modules/run_main.js:71:12)
    at internal/main/run_main_module.js:17:47
Emitted 'error' event on Server instance at:
    at emitErrorNT (net.js:1340:8)
    at processTicksAndRejections (internal/process/task_queues.js:84:21) {
  code: 'EADDRINUSE',
  errno: 'EADDRINUSE',
  syscall: 'listen',
  address: '::',
  port: 91
}
Fri, 19 Jan 2024 04:16:38 GMT express-session deprecated undefined resave option; provide resave option at app.js:18:9
Fri, 19 Jan 2024 04:16:38 GMT express-session deprecated undefined saveUninitialized option; provide saveUninitialized option at app.js:18:9
(node:5380) [DEP0064] DeprecationWarning: tls.createSecurePair() is deprecated. Please use tls.TLSSocket instead.
Fri, 19 Jan 2024 06:02:53 GMT express-session deprecated undefined resave option; provide resave option at app.js:18:9
Fri, 19 Jan 2024 06:02:53 GMT express-session deprecated undefined saveUninitialized option; provide saveUninitialized option at app.js:18:9
(node:5212) [DEP0064] DeprecationWarning: tls.createSecurePair() is deprecated. Please use tls.TLSSocket instead.
Fri, 16 Feb 2024 18:34:10 GMT express-session deprecated undefined resave option; provide resave option at app.js:18:9
Fri, 16 Feb 2024 18:34:10 GMT express-session deprecated undefined saveUninitialized option; provide saveUninitialized option at app.js:18:9

events.js:292
      throw er; // Unhandled 'error' event
      ^
ConnectionError: Failed to connect to localhost:2046 - Could not connect (sequence)
    at ConnectionError (C:\Web\base\node_modules\tedious-connection-pool\node_modules\tedious\lib\errors.js:12:12)
    at Connection.socketError (C:\Web\base\node_modules\tedious-connection-pool\node_modules\tedious\lib\connection.js:684:30)
    at C:\Web\base\node_modules\tedious-connection-pool\node_modules\tedious\lib\connection.js:575:25
    at SequentialConnectionStrategy.connect (C:\Web\base\node_modules\tedious-connection-pool\node_modules\tedious\lib\connector.js:153:9)
    at Socket.onError (C:\Web\base\node_modules\tedious-connection-pool\node_modules\tedious\lib\connector.js:169:16)
    at Socket.emit (events.js:315:20)
    at emitErrorNT (internal/streams/destroy.js:92:8)
    at emitErrorAndCloseNT (internal/streams/destroy.js:60:3)
    at processTicksAndRejections (internal/process/task_queues.js:84:21)
Emitted 'error' event on ConnectionPool instance at:
    at handleError (C:\Web\base\node_modules\tedious-connection-pool\lib\connection-pool.js:92:14)
    at Connection.<anonymous> (C:\Web\base\node_modules\tedious-connection-pool\lib\connection-pool.js:104:13)
    at Connection.emit (events.js:315:20)
    at Connection.socketError (C:\Web\base\node_modules\tedious-connection-pool\node_modules\tedious\lib\connection.js:684:14)
    at C:\Web\base\node_modules\tedious-connection-pool\node_modules\tedious\lib\connection.js:575:25
    [... lines matching original stack trace ...]
    at emitErrorAndCloseNT (internal/streams/destroy.js:60:3) {
  code: 'ESOCKET'
}
Fri, 16 Feb 2024 18:34:16 GMT express-session deprecated undefined resave option; provide resave option at app.js:18:9
Fri, 16 Feb 2024 18:34:16 GMT express-session deprecated undefined saveUninitialized option; provide saveUninitialized option at app.js:18:9

events.js:292
      throw er; // Unhandled 'error' event
      ^
ConnectionError: Failed to connect to localhost:2046 - Could not connect (sequence)
    at ConnectionError (C:\Web\base\node_modules\tedious-connection-pool\node_modules\tedious\lib\errors.js:12:12)
    at Connection.socketError (C:\Web\base\node_modules\tedious-connection-pool\node_modules\tedious\lib\connection.js:684:30)
    at C:\Web\base\node_modules\tedious-connection-pool\node_modules\tedious\lib\connection.js:575:25
    at SequentialConnectionStrategy.connect (C:\Web\base\node_modules\tedious-connection-pool\node_modules\tedious\lib\connector.js:153:9)
    at Socket.onError (C:\Web\base\node_modules\tedious-connection-pool\node_modules\tedious\lib\connector.js:169:16)
    at Socket.emit (events.js:315:20)
    at emitErrorNT (internal/streams/destroy.js:92:8)
    at emitErrorAndCloseNT (internal/streams/destroy.js:60:3)
    at processTicksAndRejections (internal/process/task_queues.js:84:21)
Emitted 'error' event on ConnectionPool instance at:
    at handleError (C:\Web\base\node_modules\tedious-connection-pool\lib\connection-pool.js:92:14)
    at Connection.<anonymous> (C:\Web\base\node_modules\tedious-connection-pool\lib\connection-pool.js:104:13)
    at Connection.emit (events.js:315:20)
    at Connection.socketError (C:\Web\base\node_modules\tedious-connection-pool\node_modules\tedious\lib\connection.js:684:14)
    at C:\Web\base\node_modules\tedious-connection-pool\node_modules\tedious\lib\connection.js:575:25
    [... lines matching original stack trace ...]
    at emitErrorAndCloseNT (internal/streams/destroy.js:60:3) {
  code: 'ESOCKET'
}
Fri, 16 Feb 2024 18:34:21 GMT express-session deprecated undefined resave option; provide resave option at app.js:18:9
Fri, 16 Feb 2024 18:34:21 GMT express-session deprecated undefined saveUninitialized option; provide saveUninitialized option at app.js:18:9
(node:6440) [DEP0064] DeprecationWarning: tls.createSecurePair() is deprecated. Please use tls.TLSSocket instead.
Fri, 16 Feb 2024 19:01:05 GMT express-session deprecated undefined resave option; provide resave option at app.js:18:9
Fri, 16 Feb 2024 19:01:05 GMT express-session deprecated undefined saveUninitialized option; provide saveUninitialized option at app.js:18:9

events.js:292
      throw er; // Unhandled 'error' event
      ^
ConnectionError: Failed to connect to localhost:2046 - Could not connect (sequence)
    at ConnectionError (C:\Web\base\node_modules\tedious-connection-pool\node_modules\tedious\lib\errors.js:12:12)
    at Connection.socketError (C:\Web\base\node_modules\tedious-connection-pool\node_modules\tedious\lib\connection.js:684:30)
    at C:\Web\base\node_modules\tedious-connection-pool\node_modules\tedious\lib\connection.js:575:25
    at SequentialConnectionStrategy.connect (C:\Web\base\node_modules\tedious-connection-pool\node_modules\tedious\lib\connector.js:153:9)
    at Socket.onError (C:\Web\base\node_modules\tedious-connection-pool\node_modules\tedious\lib\connector.js:169:16)
    at Socket.emit (events.js:315:20)
    at emitErrorNT (internal/streams/destroy.js:92:8)
    at emitErrorAndCloseNT (internal/streams/destroy.js:60:3)
    at processTicksAndRejections (internal/process/task_queues.js:84:21)
Emitted 'error' event on ConnectionPool instance at:
    at handleError (C:\Web\base\node_modules\tedious-connection-pool\lib\connection-pool.js:92:14)
    at Connection.<anonymous> (C:\Web\base\node_modules\tedious-connection-pool\lib\connection-pool.js:104:13)
    at Connection.emit (events.js:315:20)
    at Connection.socketError (C:\Web\base\node_modules\tedious-connection-pool\node_modules\tedious\lib\connection.js:684:14)
    at C:\Web\base\node_modules\tedious-connection-pool\node_modules\tedious\lib\connection.js:575:25
    [... lines matching original stack trace ...]
    at emitErrorAndCloseNT (internal/streams/destroy.js:60:3) {
  code: 'ESOCKET'
}
Fri, 16 Feb 2024 19:01:11 GMT express-session deprecated undefined resave option; provide resave option at app.js:18:9
Fri, 16 Feb 2024 19:01:11 GMT express-session deprecated undefined saveUninitialized option; provide saveUninitialized option at app.js:18:9

events.js:292
      throw er; // Unhandled 'error' event
      ^
ConnectionError: Failed to connect to localhost:2046 - Could not connect (sequence)
    at ConnectionError (C:\Web\base\node_modules\tedious-connection-pool\node_modules\tedious\lib\errors.js:12:12)
    at Connection.socketError (C:\Web\base\node_modules\tedious-connection-pool\node_modules\tedious\lib\connection.js:684:30)
    at C:\Web\base\node_modules\tedious-connection-pool\node_modules\tedious\lib\connection.js:575:25
    at SequentialConnectionStrategy.connect (C:\Web\base\node_modules\tedious-connection-pool\node_modules\tedious\lib\connector.js:153:9)
    at Socket.onError (C:\Web\base\node_modules\tedious-connection-pool\node_modules\tedious\lib\connector.js:169:16)
    at Socket.emit (events.js:315:20)
    at emitErrorNT (internal/streams/destroy.js:92:8)
    at emitErrorAndCloseNT (internal/streams/destroy.js:60:3)
    at processTicksAndRejections (internal/process/task_queues.js:84:21)
Emitted 'error' event on ConnectionPool instance at:
    at handleError (C:\Web\base\node_modules\tedious-connection-pool\lib\connection-pool.js:92:14)
    at Connection.<anonymous> (C:\Web\base\node_modules\tedious-connection-pool\lib\connection-pool.js:104:13)
    at Connection.emit (events.js:315:20)
    at Connection.socketError (C:\Web\base\node_modules\tedious-connection-pool\node_modules\tedious\lib\connection.js:684:14)
    at C:\Web\base\node_modules\tedious-connection-pool\node_modules\tedious\lib\connection.js:575:25
    [... lines matching original stack trace ...]
    at emitErrorAndCloseNT (internal/streams/destroy.js:60:3) {
  code: 'ESOCKET'
}
Fri, 16 Feb 2024 19:01:15 GMT express-session deprecated undefined resave option; provide resave option at app.js:18:9
Fri, 16 Feb 2024 19:01:15 GMT express-session deprecated undefined saveUninitialized option; provide saveUninitialized option at app.js:18:9
(node:6484) [DEP0064] DeprecationWarning: tls.createSecurePair() is deprecated. Please use tls.TLSSocket instead.
Sun, 17 Mar 2024 22:59:49 GMT express-session deprecated undefined resave option; provide resave option at app.js:18:9
Sun, 17 Mar 2024 22:59:49 GMT express-session deprecated undefined saveUninitialized option; provide saveUninitialized option at app.js:18:9
(node:5676) [DEP0064] DeprecationWarning: tls.createSecurePair() is deprecated. Please use tls.TLSSocket instead.

events.js:292
      throw er; // Unhandled 'error' event
      ^
ConnectionError: Connection lost - read ECONNRESET
    at ConnectionError (C:\Web\base\node_modules\tedious-connection-pool\node_modules\tedious\lib\errors.js:12:12)
    at Connection.socketError (C:\Web\base\node_modules\tedious-connection-pool\node_modules\tedious\lib\connection.js:688:28)
    at Socket.emit (events.js:327:22)
    at emitErrorNT (internal/streams/destroy.js:92:8)
    at emitErrorAndCloseNT (internal/streams/destroy.js:60:3)
    at processTicksAndRejections (internal/process/task_queues.js:84:21)
Emitted 'error' event on ConnectionPool instance at:
    at Connection.handleError (C:\Web\base\node_modules\tedious-connection-pool\lib\connection-pool.js:92:14)
    at Connection.emit (events.js:315:20)
    at Connection.socketError (C:\Web\base\node_modules\tedious-connection-pool\node_modules\tedious\lib\connection.js:688:14)
    at Socket.emit (events.js:327:22)
    [... lines matching original stack trace ...]
    at processTicksAndRejections (internal/process/task_queues.js:84:21) {
  code: 'ESOCKET'
}
Mon, 25 Mar 2024 07:00:21 GMT express-session deprecated undefined resave option; provide resave option at app.js:18:9
Mon, 25 Mar 2024 07:00:21 GMT express-session deprecated undefined saveUninitialized option; provide saveUninitialized option at app.js:18:9
(node:5648) [DEP0064] DeprecationWarning: tls.createSecurePair() is deprecated. Please use tls.TLSSocket instead.

events.js:292
      throw er; // Unhandled 'error' event
      ^
ConnectionError: Connection lost - read ECONNRESET
    at ConnectionError (C:\Web\base\node_modules\tedious-connection-pool\node_modules\tedious\lib\errors.js:12:12)
    at Connection.socketError (C:\Web\base\node_modules\tedious-connection-pool\node_modules\tedious\lib\connection.js:688:28)
    at Socket.emit (events.js:327:22)
    at emitErrorNT (internal/streams/destroy.js:92:8)
    at emitErrorAndCloseNT (internal/streams/destroy.js:60:3)
    at processTicksAndRejections (internal/process/task_queues.js:84:21)
Emitted 'error' event on ConnectionPool instance at:
    at Connection.handleError (C:\Web\base\node_modules\tedious-connection-pool\lib\connection-pool.js:92:14)
    at Connection.emit (events.js:315:20)
    at Connection.socketError (C:\Web\base\node_modules\tedious-connection-pool\node_modules\tedious\lib\connection.js:688:14)
    at Socket.emit (events.js:327:22)
    [... lines matching original stack trace ...]
    at processTicksAndRejections (internal/process/task_queues.js:84:21) {
  code: 'ESOCKET'
}
Mon, 25 Mar 2024 07:23:25 GMT express-session deprecated undefined resave option; provide resave option at app.js:18:9
Mon, 25 Mar 2024 07:23:25 GMT express-session deprecated undefined saveUninitialized option; provide saveUninitialized option at app.js:18:9

events.js:292
      throw er; // Unhandled 'error' event
      ^
ConnectionError: Failed to connect to localhost:2046 - Could not connect (sequence)
    at ConnectionError (C:\Web\base\node_modules\tedious-connection-pool\node_modules\tedious\lib\errors.js:12:12)
    at Connection.socketError (C:\Web\base\node_modules\tedious-connection-pool\node_modules\tedious\lib\connection.js:684:30)
    at C:\Web\base\node_modules\tedious-connection-pool\node_modules\tedious\lib\connection.js:575:25
    at SequentialConnectionStrategy.connect (C:\Web\base\node_modules\tedious-connection-pool\node_modules\tedious\lib\connector.js:153:9)
    at Socket.onError (C:\Web\base\node_modules\tedious-connection-pool\node_modules\tedious\lib\connector.js:169:16)
    at Socket.emit (events.js:315:20)
    at emitErrorNT (internal/streams/destroy.js:92:8)
    at emitErrorAndCloseNT (internal/streams/destroy.js:60:3)
    at processTicksAndRejections (internal/process/task_queues.js:84:21)
Emitted 'error' event on ConnectionPool instance at:
    at handleError (C:\Web\base\node_modules\tedious-connection-pool\lib\connection-pool.js:92:14)
    at Connection.<anonymous> (C:\Web\base\node_modules\tedious-connection-pool\lib\connection-pool.js:104:13)
    at Connection.emit (events.js:315:20)
    at Connection.socketError (C:\Web\base\node_modules\tedious-connection-pool\node_modules\tedious\lib\connection.js:684:14)
    at C:\Web\base\node_modules\tedious-connection-pool\node_modules\tedious\lib\connection.js:575:25
    [... lines matching original stack trace ...]
    at emitErrorAndCloseNT (internal/streams/destroy.js:60:3) {
  code: 'ESOCKET'
}
Mon, 25 Mar 2024 07:23:30 GMT express-session deprecated undefined resave option; provide resave option at app.js:18:9
Mon, 25 Mar 2024 07:23:30 GMT express-session deprecated undefined saveUninitialized option; provide saveUninitialized option at app.js:18:9

events.js:292
      throw er; // Unhandled 'error' event
      ^
ConnectionError: Failed to connect to localhost:2046 - Could not connect (sequence)
    at ConnectionError (C:\Web\base\node_modules\tedious-connection-pool\node_modules\tedious\lib\errors.js:12:12)
    at Connection.socketError (C:\Web\base\node_modules\tedious-connection-pool\node_modules\tedious\lib\connection.js:684:30)
    at C:\Web\base\node_modules\tedious-connection-pool\node_modules\tedious\lib\connection.js:575:25
    at SequentialConnectionStrategy.connect (C:\Web\base\node_modules\tedious-connection-pool\node_modules\tedious\lib\connector.js:153:9)
    at Socket.onError (C:\Web\base\node_modules\tedious-connection-pool\node_modules\tedious\lib\connector.js:169:16)
    at Socket.emit (events.js:315:20)
    at emitErrorNT (internal/streams/destroy.js:92:8)
    at emitErrorAndCloseNT (internal/streams/destroy.js:60:3)
    at processTicksAndRejections (internal/process/task_queues.js:84:21)
Emitted 'error' event on ConnectionPool instance at:
    at handleError (C:\Web\base\node_modules\tedious-connection-pool\lib\connection-pool.js:92:14)
    at Connection.<anonymous> (C:\Web\base\node_modules\tedious-connection-pool\lib\connection-pool.js:104:13)
    at Connection.emit (events.js:315:20)
    at Connection.socketError (C:\Web\base\node_modules\tedious-connection-pool\node_modules\tedious\lib\connection.js:684:14)
    at C:\Web\base\node_modules\tedious-connection-pool\node_modules\tedious\lib\connection.js:575:25
    [... lines matching original stack trace ...]
    at emitErrorAndCloseNT (internal/streams/destroy.js:60:3) {
  code: 'ESOCKET'
}
Mon, 25 Mar 2024 07:23:36 GMT express-session deprecated undefined resave option; provide resave option at app.js:18:9
Mon, 25 Mar 2024 07:23:36 GMT express-session deprecated undefined saveUninitialized option; provide saveUninitialized option at app.js:18:9

events.js:292
      throw er; // Unhandled 'error' event
      ^
ConnectionError: Failed to connect to localhost:2046 - Could not connect (sequence)
    at ConnectionError (C:\Web\base\node_modules\tedious-connection-pool\node_modules\tedious\lib\errors.js:12:12)
    at Connection.socketError (C:\Web\base\node_modules\tedious-connection-pool\node_modules\tedious\lib\connection.js:684:30)
    at C:\Web\base\node_modules\tedious-connection-pool\node_modules\tedious\lib\connection.js:575:25
    at SequentialConnectionStrategy.connect (C:\Web\base\node_modules\tedious-connection-pool\node_modules\tedious\lib\connector.js:153:9)
    at Socket.onError (C:\Web\base\node_modules\tedious-connection-pool\node_modules\tedious\lib\connector.js:169:16)
    at Socket.emit (events.js:315:20)
    at emitErrorNT (internal/streams/destroy.js:92:8)
    at emitErrorAndCloseNT (internal/streams/destroy.js:60:3)
    at processTicksAndRejections (internal/process/task_queues.js:84:21)
Emitted 'error' event on ConnectionPool instance at:
    at handleError (C:\Web\base\node_modules\tedious-connection-pool\lib\connection-pool.js:92:14)
    at Connection.<anonymous> (C:\Web\base\node_modules\tedious-connection-pool\lib\connection-pool.js:104:13)
    at Connection.emit (events.js:315:20)
    at Connection.socketError (C:\Web\base\node_modules\tedious-connection-pool\node_modules\tedious\lib\connection.js:684:14)
    at C:\Web\base\node_modules\tedious-connection-pool\node_modules\tedious\lib\connection.js:575:25
    [... lines matching original stack trace ...]
    at emitErrorAndCloseNT (internal/streams/destroy.js:60:3) {
  code: 'ESOCKET'
}
Tue, 26 Mar 2024 01:17:12 GMT express-session deprecated undefined resave option; provide resave option at app.js:18:9
Tue, 26 Mar 2024 01:17:12 GMT express-session deprecated undefined saveUninitialized option; provide saveUninitialized option at app.js:18:9

events.js:292
      throw er; // Unhandled 'error' event
      ^
ConnectionError: Failed to connect to localhost:2046 - Could not connect (sequence)
    at ConnectionError (C:\Web\base\node_modules\tedious-connection-pool\node_modules\tedious\lib\errors.js:12:12)
    at Connection.socketError (C:\Web\base\node_modules\tedious-connection-pool\node_modules\tedious\lib\connection.js:684:30)
    at C:\Web\base\node_modules\tedious-connection-pool\node_modules\tedious\lib\connection.js:575:25
    at SequentialConnectionStrategy.connect (C:\Web\base\node_modules\tedious-connection-pool\node_modules\tedious\lib\connector.js:153:9)
    at Socket.onError (C:\Web\base\node_modules\tedious-connection-pool\node_modules\tedious\lib\connector.js:169:16)
    at Socket.emit (events.js:315:20)
    at emitErrorNT (internal/streams/destroy.js:92:8)
    at emitErrorAndCloseNT (internal/streams/destroy.js:60:3)
    at processTicksAndRejections (internal/process/task_queues.js:84:21)
Emitted 'error' event on ConnectionPool instance at:
    at handleError (C:\Web\base\node_modules\tedious-connection-pool\lib\connection-pool.js:92:14)
    at Connection.<anonymous> (C:\Web\base\node_modules\tedious-connection-pool\lib\connection-pool.js:104:13)
    at Connection.emit (events.js:315:20)
    at Connection.socketError (C:\Web\base\node_modules\tedious-connection-pool\node_modules\tedious\lib\connection.js:684:14)
    at C:\Web\base\node_modules\tedious-connection-pool\node_modules\tedious\lib\connection.js:575:25
    [... lines matching original stack trace ...]
    at emitErrorAndCloseNT (internal/streams/destroy.js:60:3) {
  code: 'ESOCKET'
}
Tue, 26 Mar 2024 01:17:18 GMT express-session deprecated undefined resave option; provide resave option at app.js:18:9
Tue, 26 Mar 2024 01:17:18 GMT express-session deprecated undefined saveUninitialized option; provide saveUninitialized option at app.js:18:9
(node:7092) [DEP0064] DeprecationWarning: tls.createSecurePair() is deprecated. Please use tls.TLSSocket instead.
